// Jest Snapshot v1, https://goo.gl/fbAQLP

exports[`ArticleImage test renders correctly when have images 1`] = `
<div>
  <img
    alt="The Statue of Liberty's torch heads to new museum"
    class="imageStyle"
    src="https://cdn.cnn.com/cnnnext/dam/assets/181122102925-statue-of-liberty-crown-super-169.jpg"
  />
</div>
`;
